// Jest Snapshot v1, https://goo.gl/fbAQLP

exports[`Pruebas en <HookApp /> Debe mostrarse correctamente 1`] = `
<h1>
  Hola desde HookApp
</h1>
`;
